2025-03-20 15:23:27 [31merror[39m: Erreur de connexion à MongoDB: La variable d'environnement MONGODB_URI n'est pas définie
2025-03-20 15:23:27 [32minfo[39m: Serveur démarré en mode development sur le port 5000
2025-03-20 15:23:27 [32minfo[39m: URL de l'API: http://localhost:5000
2025-03-20 15:23:27 [31merror[39m: Erreur d'initialisation de la BD: La variable d'environnement MONGODB_URI n'est pas définie
2025-03-20 16:02:04 [32minfo[39m: Serveur démarré en mode development sur le port 5000
2025-03-20 16:02:04 [32minfo[39m: URL de l'API: http://localhost:5000
2025-03-20 16:02:04 [31merror[39m: Erreur de connexion à MongoDB: options keepalive, keepaliveinitialdelay, debug are not supported
2025-03-20 16:02:04 [31merror[39m: Erreur d'initialisation de la BD: options keepalive, keepaliveinitialdelay, debug are not supported
2025-03-20 16:07:36 [32minfo[39m: Serveur démarré en mode development sur le port 5000
2025-03-20 16:07:36 [32minfo[39m: URL de l'API: http://localhost:5000
2025-03-20 16:07:41 [31merror[39m: Erreur de connexion à MongoDB: Could not connect to any servers in your MongoDB Atlas cluster. One common reason is that you're trying to access the database from an IP that isn't whitelisted. Make sure your current IP address is on your Atlas cluster's IP whitelist: https://www.mongodb.com/docs/atlas/security-whitelist/
2025-03-20 16:07:41 [31merror[39m: Erreur d'initialisation de la BD: Could not connect to any servers in your MongoDB Atlas cluster. One common reason is that you're trying to access the database from an IP that isn't whitelisted. Make sure your current IP address is on your Atlas cluster's IP whitelist: https://www.mongodb.com/docs/atlas/security-whitelist/
2025-03-20 16:08:52 [32minfo[39m: Serveur démarré en mode development sur le port 5000
2025-03-20 16:08:52 [32minfo[39m: URL de l'API: http://localhost:5000
2025-03-20 16:09:22 [31merror[39m: Erreur de connexion à MongoDB: Could not connect to any servers in your MongoDB Atlas cluster. One common reason is that you're trying to access the database from an IP that isn't whitelisted. Make sure your current IP address is on your Atlas cluster's IP whitelist: https://www.mongodb.com/docs/atlas/security-whitelist/
2025-03-20 16:09:22 [31merror[39m: Erreur d'initialisation de la BD: Could not connect to any servers in your MongoDB Atlas cluster. One common reason is that you're trying to access the database from an IP that isn't whitelisted. Make sure your current IP address is on your Atlas cluster's IP whitelist: https://www.mongodb.com/docs/atlas/security-whitelist/
2025-03-20 16:11:37 [32minfo[39m: Serveur démarré en mode development sur le port 5000
2025-03-20 16:11:37 [32minfo[39m: URL de l'API: http://localhost:5000
2025-03-20 16:12:07 [31merror[39m: Erreur de connexion à MongoDB: Could not connect to any servers in your MongoDB Atlas cluster. One common reason is that you're trying to access the database from an IP that isn't whitelisted. Make sure your current IP address is on your Atlas cluster's IP whitelist: https://www.mongodb.com/docs/atlas/security-whitelist/
2025-03-20 16:12:07 [31merror[39m: Erreur d'initialisation de la BD: Could not connect to any servers in your MongoDB Atlas cluster. One common reason is that you're trying to access the database from an IP that isn't whitelisted. Make sure your current IP address is on your Atlas cluster's IP whitelist: https://www.mongodb.com/docs/atlas/security-whitelist/
2025-03-31 16:14:24 info: Test de connexion à MongoDB...
2025-03-31 16:14:24 info: MongoDB Connected: localhost
2025-03-31 16:14:24 info: ✅ Connexion à MongoDB réussie!
2025-03-31 16:14:24 info: ✅ Document créé avec succès: 67eaa3405adec39bfb31f945
2025-03-31 16:14:24 info: ✅ Document récupéré avec succès: Test de connexion réussi
2025-03-31 16:14:24 info: ✅ Document mis à jour avec succès: Document mis à jour
2025-03-31 16:14:24 info: ✅ Document supprimé avec succès
2025-03-31 16:14:24 info: ✅ Collection de test nettoyée
2025-04-09 10:05:30 info: Server running on port 5000
2025-04-09 10:05:30 info: MongoDB Connected
2025-04-11 09:26:48 info: Server running on port 5000
2025-04-11 09:26:48 info: MongoDB Connected
2025-04-11 11:59:51 info: Server running on port 5000
2025-04-11 11:59:51 info: MongoDB Connected
2025-04-11 14:14:08 info: Server running on port 5000
2025-04-11 14:14:08 info: MongoDB Connected
2025-04-12 20:18:39 info: Server running on port 5000
2025-04-12 20:18:39 info: MongoDB Connected
2025-04-12 20:48:43 info: Server running on port 5000
2025-04-12 20:48:43 info: MongoDB Connected
2025-04-12 21:02:21 info: Server running on port 5000
2025-04-12 21:02:21 info: MongoDB Connected
2025-04-12 21:14:27 info: Server running on port 5000
2025-04-12 21:14:27 info: MongoDB Connected
2025-04-12 22:06:59 info: Server running on port 5000
2025-04-12 22:06:59 info: MongoDB Connected
2025-04-12 23:04:50 info: Server running on port 5000
2025-04-12 23:04:50 info: MongoDB Connected
2025-04-12 23:06:03 info: Server running on port 5000
2025-04-12 23:06:03 info: MongoDB Connected
2025-04-12 23:25:00 info: Server running on port 5000
2025-04-12 23:25:00 info: MongoDB Connected
2025-04-13 23:01:38 info: Server running on port 5000
2025-04-13 23:01:38 info: MongoDB Connected
2025-04-14 14:57:31 info: Server running on port 5000
2025-04-14 14:57:31 info: MongoDB Connected
2025-04-14 15:10:50 info: Server running on port 5000
2025-04-14 15:10:50 info: MongoDB Connected
2025-04-14 17:30:47 info: Server running on port 5000
2025-04-14 17:30:47 info: MongoDB Connected
2025-04-14 19:31:32 info: Server running on port 5000
2025-04-14 19:31:33 info: MongoDB Connected
2025-04-14 19:59:54 info: Server running on port 5000
2025-04-14 19:59:54 info: MongoDB Connected
2025-04-14 20:10:26 info: Server running on port 5000
2025-04-14 20:10:26 info: MongoDB Connected
2025-04-14 20:20:34 info: Server running on port 5000
2025-04-14 20:20:34 info: MongoDB Connected
2025-04-14 20:20:39 info: [POST] /api/users/login
2025-04-14 20:38:40 info: Connexion à MongoDB...
2025-04-14 20:38:40 info: Connexion à MongoDB réussie!
2025-04-14 20:38:40 info: Document de test créé avec succès: 67fd563041a888d450cc5184
2025-04-14 20:38:40 info: Document de test supprimé avec succès
2025-04-14 20:40:02 info: Connexion à MongoDB...
2025-04-14 20:40:02 info: Connexion à MongoDB réussie!
2025-04-14 20:40:02 info: Document de test créé avec succès: 67fd5682d1277a1161d171a1
2025-04-14 20:40:02 info: Document de test supprimé avec succès
2025-04-14 20:40:02 info: Test de connexion à MongoDB terminé avec succès!
2025-04-14 20:40:02 info: Server running on port 5000
2025-04-14 20:40:22 info: [POST] /api/users/login
2025-04-14 20:40:28 info: [GET] /api/qcms
2025-04-14 20:40:35 info: [GET] /api/stats/67ebddbd088f03db00d13313
2025-04-18 15:28:46 error: Erreur lors de la récupération de la session: Cast to ObjectId failed for value "undefined" (type string) at path "_id" for model "Session"
2025-04-18 19:46:55 error: Erreur lors de la récupération de la session: Cast to ObjectId failed for value "undefined" (type string) at path "_id" for model "Session"
2025-04-18 19:47:01 error: Erreur lors de la récupération de la session: Cast to ObjectId failed for value "undefined" (type string) at path "_id" for model "Session"
2025-04-19 16:57:07 error: Erreur lors de la récupération de la session: Cast to ObjectId failed for value "undefined" (type string) at path "_id" for model "Session"
2025-04-19 23:06:49 error: Erreur updatePassword: Illegal arguments: string, undefined
2025-04-19 23:07:12 error: Erreur lors de la récupération de la session: Cast to ObjectId failed for value "undefined" (type string) at path "_id" for model "Session"
2025-04-19 23:07:44 error: Erreur updatePassword: Illegal arguments: string, undefined
2025-04-19 23:14:16 error: Erreur updatePassword: Illegal arguments: string, undefined
2025-04-19 23:19:18 error: Erreur updatePassword: Illegal arguments: string, undefined
2025-04-19 23:33:46 error: Erreur updatePassword: Illegal arguments: string, undefined
2025-04-19 23:37:33 error: Erreur updatePassword: Illegal arguments: string, undefined
2025-04-19 23:38:23 error: Erreur updatePassword: Illegal arguments: string, undefined
2025-04-19 23:44:54 error: Erreur updatePassword: Illegal arguments: string, undefined
2025-04-19 23:59:12 error: Erreur updatePassword: Illegal arguments: string, undefined
2025-04-20 11:47:04 error: Erreur getSessionById : Cast to ObjectId failed for value "undefined" (type string) at path "_id" for model "Session"
2025-04-20 11:55:32 error: Erreur getSessionById : Cast to ObjectId failed for value "undefined" (type string) at path "_id" for model "Session"
2025-04-20 21:08:23 info: 🧠 Session enregistrée pour utilisateur 680282e9ab372974164e674a | QCM: Anatomie du squelette humain | Score: 100%
2025-04-20 21:08:45 info: 🧠 Session enregistrée pour utilisateur 680282e9ab372974164e674a | QCM: Physiologie Cardiaque | Score: 100%
2025-04-20 21:08:56 info: 🧠 Session enregistrée pour utilisateur 680282e9ab372974164e674a | QCM: Physiologie Cardiaque | Score: 50%
2025-04-20 22:37:13 error: ❌ Erreur getSessionById : Cast to ObjectId failed for value "user" (type string) at path "_id" for model "Session"
2025-04-20 22:39:12 error: ❌ Erreur getSessionById : Cast to ObjectId failed for value "user" (type string) at path "_id" for model "Session"
2025-04-20 22:39:49 error: ❌ Erreur getSessionById : Cast to ObjectId failed for value "user" (type string) at path "_id" for model "Session"
2025-04-20 22:40:17 error: ❌ Erreur getSessionById : Cast to ObjectId failed for value "user" (type string) at path "_id" for model "Session"
2025-04-20 22:40:28 error: ❌ Erreur getSessionById : Cast to ObjectId failed for value "user" (type string) at path "_id" for model "Session"
2025-04-20 22:41:13 error: ❌ Erreur getSessionById : Cast to ObjectId failed for value "user" (type string) at path "_id" for model "Session"
2025-04-20 22:43:28 error: ❌ Erreur getSessionById : Cast to ObjectId failed for value "user" (type string) at path "_id" for model "Session"
2025-04-20 22:43:36 error: ❌ Erreur getSessionById : Cast to ObjectId failed for value "user" (type string) at path "_id" for model "Session"
2025-04-20 22:46:51 error: ❌ Erreur getSessionById : Cast to ObjectId failed for value "user" (type string) at path "_id" for model "Session"
2025-04-20 22:48:14 error: ❌ Erreur getSessionById : Cast to ObjectId failed for value "user" (type string) at path "_id" for model "Session"
2025-04-20 22:48:50 info: ✅ Session enregistrée : user=680282e9ab372974164e674a, sessionId=68055db2d4e1683123115c22, score=100, durée=1s
2025-04-20 22:49:03 error: ❌ Erreur getSessionById : Cast to ObjectId failed for value "user" (type string) at path "_id" for model "Session"
2025-04-20 22:51:14 error: ❌ Erreur getSessionById : Cast to ObjectId failed for value "user" (type string) at path "_id" for model "Session"
2025-04-20 22:51:53 error: ❌ Erreur getSessionById : Cast to ObjectId failed for value "user" (type string) at path "_id" for model "Session"
2025-04-20 23:06:24 error: ❌ Erreur getSessionById : Cast to ObjectId failed for value "user" (type string) at path "_id" for model "Session"
2025-04-20 23:07:46 error: ❌ Erreur getSessionById : Cast to ObjectId failed for value "user" (type string) at path "_id" for model "Session"
2025-04-20 23:07:49 error: ❌ Erreur getSessionById : Cast to ObjectId failed for value "user" (type string) at path "_id" for model "Session"
2025-04-20 23:08:09 error: ❌ Erreur getSessionById : Cast to ObjectId failed for value "user" (type string) at path "_id" for model "Session"
2025-04-21 17:14:36 error: ❌ Erreur getSessionById : Cast to ObjectId failed for value "user" (type string) at path "_id" for model "Session"
2025-04-21 17:17:39 error: ❌ Erreur getSessionById : Cast to ObjectId failed for value "user" (type string) at path "_id" for model "Session"
2025-04-21 17:17:43 error: ❌ Erreur getSessionById : Cast to ObjectId failed for value "user" (type string) at path "_id" for model "Session"
2025-04-21 17:25:55 error: ❌ Erreur getSessionById : Cast to ObjectId failed for value "user" (type string) at path "_id" for model "Session"
2025-04-21 17:29:00 info: ✅ Session enregistrée : user=680282e9ab372974164e674a, sessionId=6806643cdea652d008c5647a, score=100, durée=1s
2025-04-21 17:29:08 error: ❌ Erreur getSessionById : Cast to ObjectId failed for value "user" (type string) at path "_id" for model "Session"
2025-04-21 17:29:16 info: ✅ Session enregistrée : user=680282e9ab372974164e674a, sessionId=6806644cdea652d008c56528, score=100, durée=1s
2025-04-21 17:29:27 info: ✅ Session enregistrée : user=680282e9ab372974164e674a, sessionId=68066457dea652d008c5657a, score=100, durée=2s
2025-04-21 17:29:35 info: ✅ Session enregistrée : user=680282e9ab372974164e674a, sessionId=6806645fdea652d008c565ce, score=100, durée=1s
2025-04-21 17:30:27 error: Erreur updatePassword: Illegal arguments: string, undefined
2025-04-21 17:45:52 error: ❌ Erreur getSessionById : Cast to ObjectId failed for value "user" (type string) at path "_id" for model "Session"
2025-04-21 17:47:45 error: ❌ Erreur getSessionById : Cast to ObjectId failed for value "user" (type string) at path "_id" for model "Session"
2025-04-24 10:14:51 info: ✅ Session enregistrée : user=680282e9ab372974164e674a, sessionId=6809f2fba31069492fa37905, score=100, durée=3s
2025-04-24 10:53:41 info: ✅ Session enregistrée : user=680282e9ab372974164e674a, sessionId=6809fc15dc5f63b70f9d960c, score=0, durée=2s
2025-04-24 11:51:35 info: ✅ Session enregistrée : user=680282e9ab372974164e674a, sessionId=680a09a7dc5f63b70f9db0b6, score=100, durée=22s
2025-04-24 11:56:35 info: ✅ Session enregistrée : user=680282e9ab372974164e674a, sessionId=680a0ad3dc5f63b70f9db324, score=100, durée=4s
2025-04-24 11:57:19 info: ✅ Session enregistrée : user=680282e9ab372974164e674a, sessionId=680a0affdc5f63b70f9db4dd, score=100, durée=11s
2025-04-24 12:01:55 info: ✅ Session enregistrée : user=680282e9ab372974164e674a, sessionId=680a0c13dc5f63b70f9db7d7, score=0, durée=14s
2025-04-24 12:09:39 info: ✅ Session enregistrée : user=680282e9ab372974164e674a, sessionId=680a0de3dc5f63b70f9db93e, score=100, durée=15s
2025-04-24 12:22:44 info: ✅ Session enregistrée : user=680282e9ab372974164e674a, sessionId=680a10f4dc5f63b70f9dbe9c, score=100, durée=10s
2025-04-24 12:23:45 info: ✅ Session enregistrée : user=680282e9ab372974164e674a, sessionId=680a1131dc5f63b70f9dc0e5, score=100, durée=2s
2025-04-24 19:23:00 info: ✅ Session enregistrée : user=680282e9ab372974164e674a, sessionId=680a73730ab52f360266e330, score=100, durée=3s
2025-04-24 19:23:17 info: ✅ Session enregistrée : user=680282e9ab372974164e674a, sessionId=680a73850ab52f360266e606, score=100, durée=1s
2025-04-24 21:17:31 info: ✅ Session enregistrée : user=680282e9ab372974164e674a, sessionId=680a8e4bcef6df5ba99523fe, score=100, durée=2s
2025-04-24 21:22:47 info: ✅ Session enregistrée : user=680282e9ab372974164e674a, sessionId=680a8f87cef6df5ba9952aba, score=100, durée=6s
2025-04-24 21:58:41 error: Erreur updatePassword: Illegal arguments: string, undefined
2025-04-24 21:58:41 error: Erreur updatePassword: Illegal arguments: string, undefined
2025-04-24 22:40:56 info: ✅ Session enregistrée : user=680a9f7237c2ba3f1bb0a6d6, sessionId=680aa1d837c2ba3f1bb0a7aa, score=100, durée=30s
2025-04-24 22:50:19 info: ✅ Session enregistrée : user=680a9f7237c2ba3f1bb0a6d6, sessionId=680aa40b37c2ba3f1bb0a9c5, score=60, durée=43s
2025-04-24 22:58:29 error: Erreur lors de la récupération des statistiques: Class constructor ObjectId cannot be invoked without 'new'
2025-04-24 22:58:29 error: Erreur lors de la récupération des statistiques: Class constructor ObjectId cannot be invoked without 'new'
2025-04-24 22:58:29 error: Erreur lors de la récupération des statistiques: Class constructor ObjectId cannot be invoked without 'new'
2025-04-24 22:58:34 error: Erreur lors de la récupération des statistiques: Class constructor ObjectId cannot be invoked without 'new'
2025-04-24 22:58:34 error: Erreur lors de la récupération des statistiques: Class constructor ObjectId cannot be invoked without 'new'
2025-04-24 22:58:35 error: Erreur lors de la récupération des statistiques: Class constructor ObjectId cannot be invoked without 'new'
2025-04-24 22:58:35 error: Erreur lors de la récupération des statistiques: Class constructor ObjectId cannot be invoked without 'new'
2025-04-24 22:58:37 error: Erreur lors de la récupération des statistiques: Class constructor ObjectId cannot be invoked without 'new'
2025-04-24 22:58:37 error: Erreur lors de la récupération des statistiques: Class constructor ObjectId cannot be invoked without 'new'
2025-04-24 22:58:37 error: Erreur lors de la récupération des statistiques: Class constructor ObjectId cannot be invoked without 'new'
2025-04-24 23:47:45 error: Erreur lors du traitement du document: Document is not defined
2025-04-24 23:50:51 error: Erreur lors du traitement du document: Document is not defined
2025-04-24 23:56:09 error: Erreur lors du traitement du document: Document is not defined
2025-04-24 23:59:08 error: Erreur lors du traitement du document: Document is not defined
2025-04-24 23:59:44 error: Erreur lors du traitement du document: Document is not defined
2025-04-25 00:01:38 error: Erreur lors du traitement du document: Document is not defined
2025-04-25 00:07:53 error: Erreur lors du traitement du document: Document is not defined
2025-04-25 00:13:38 error: Erreur lors du traitement du document: Document is not defined
2025-04-25 00:15:10 error: Erreur lors du traitement du document: Document is not defined
