2025-03-20 15:23:27 [31merror[39m: Erreur de connexion à MongoDB: La variable d'environnement MONGODB_URI n'est pas définie
2025-03-20 15:23:27 [31merror[39m: Erreur d'initialisation de la BD: La variable d'environnement MONGODB_URI n'est pas définie
2025-03-20 16:02:04 [31merror[39m: Erreur de connexion à MongoDB: options keepalive, keepaliveinitialdelay, debug are not supported
2025-03-20 16:02:04 [31merror[39m: Erreur d'initialisation de la BD: options keepalive, keepaliveinitialdelay, debug are not supported
2025-03-20 16:07:41 [31merror[39m: Erreur de connexion à MongoDB: Could not connect to any servers in your MongoDB Atlas cluster. One common reason is that you're trying to access the database from an IP that isn't whitelisted. Make sure your current IP address is on your Atlas cluster's IP whitelist: https://www.mongodb.com/docs/atlas/security-whitelist/
2025-03-20 16:07:41 [31merror[39m: Erreur d'initialisation de la BD: Could not connect to any servers in your MongoDB Atlas cluster. One common reason is that you're trying to access the database from an IP that isn't whitelisted. Make sure your current IP address is on your Atlas cluster's IP whitelist: https://www.mongodb.com/docs/atlas/security-whitelist/
2025-03-20 16:09:22 [31merror[39m: Erreur de connexion à MongoDB: Could not connect to any servers in your MongoDB Atlas cluster. One common reason is that you're trying to access the database from an IP that isn't whitelisted. Make sure your current IP address is on your Atlas cluster's IP whitelist: https://www.mongodb.com/docs/atlas/security-whitelist/
2025-03-20 16:09:22 [31merror[39m: Erreur d'initialisation de la BD: Could not connect to any servers in your MongoDB Atlas cluster. One common reason is that you're trying to access the database from an IP that isn't whitelisted. Make sure your current IP address is on your Atlas cluster's IP whitelist: https://www.mongodb.com/docs/atlas/security-whitelist/
2025-03-20 16:12:07 [31merror[39m: Erreur de connexion à MongoDB: Could not connect to any servers in your MongoDB Atlas cluster. One common reason is that you're trying to access the database from an IP that isn't whitelisted. Make sure your current IP address is on your Atlas cluster's IP whitelist: https://www.mongodb.com/docs/atlas/security-whitelist/
2025-03-20 16:12:07 [31merror[39m: Erreur d'initialisation de la BD: Could not connect to any servers in your MongoDB Atlas cluster. One common reason is that you're trying to access the database from an IP that isn't whitelisted. Make sure your current IP address is on your Atlas cluster's IP whitelist: https://www.mongodb.com/docs/atlas/security-whitelist/
2025-04-18 15:28:46 error: Erreur lors de la récupération de la session: Cast to ObjectId failed for value "undefined" (type string) at path "_id" for model "Session"
2025-04-18 19:46:55 error: Erreur lors de la récupération de la session: Cast to ObjectId failed for value "undefined" (type string) at path "_id" for model "Session"
2025-04-18 19:47:01 error: Erreur lors de la récupération de la session: Cast to ObjectId failed for value "undefined" (type string) at path "_id" for model "Session"
2025-04-19 16:57:07 error: Erreur lors de la récupération de la session: Cast to ObjectId failed for value "undefined" (type string) at path "_id" for model "Session"
2025-04-19 23:06:49 error: Erreur updatePassword: Illegal arguments: string, undefined
2025-04-19 23:07:12 error: Erreur lors de la récupération de la session: Cast to ObjectId failed for value "undefined" (type string) at path "_id" for model "Session"
2025-04-19 23:07:44 error: Erreur updatePassword: Illegal arguments: string, undefined
2025-04-19 23:14:16 error: Erreur updatePassword: Illegal arguments: string, undefined
2025-04-19 23:19:18 error: Erreur updatePassword: Illegal arguments: string, undefined
2025-04-19 23:33:46 error: Erreur updatePassword: Illegal arguments: string, undefined
2025-04-19 23:37:33 error: Erreur updatePassword: Illegal arguments: string, undefined
2025-04-19 23:38:23 error: Erreur updatePassword: Illegal arguments: string, undefined
2025-04-19 23:44:54 error: Erreur updatePassword: Illegal arguments: string, undefined
2025-04-19 23:59:12 error: Erreur updatePassword: Illegal arguments: string, undefined
2025-04-20 11:47:04 error: Erreur getSessionById : Cast to ObjectId failed for value "undefined" (type string) at path "_id" for model "Session"
2025-04-20 11:55:32 error: Erreur getSessionById : Cast to ObjectId failed for value "undefined" (type string) at path "_id" for model "Session"
2025-04-20 22:37:13 error: ❌ Erreur getSessionById : Cast to ObjectId failed for value "user" (type string) at path "_id" for model "Session"
2025-04-20 22:39:12 error: ❌ Erreur getSessionById : Cast to ObjectId failed for value "user" (type string) at path "_id" for model "Session"
2025-04-20 22:39:49 error: ❌ Erreur getSessionById : Cast to ObjectId failed for value "user" (type string) at path "_id" for model "Session"
2025-04-20 22:40:17 error: ❌ Erreur getSessionById : Cast to ObjectId failed for value "user" (type string) at path "_id" for model "Session"
2025-04-20 22:40:28 error: ❌ Erreur getSessionById : Cast to ObjectId failed for value "user" (type string) at path "_id" for model "Session"
2025-04-20 22:41:13 error: ❌ Erreur getSessionById : Cast to ObjectId failed for value "user" (type string) at path "_id" for model "Session"
2025-04-20 22:43:28 error: ❌ Erreur getSessionById : Cast to ObjectId failed for value "user" (type string) at path "_id" for model "Session"
2025-04-20 22:43:36 error: ❌ Erreur getSessionById : Cast to ObjectId failed for value "user" (type string) at path "_id" for model "Session"
2025-04-20 22:46:51 error: ❌ Erreur getSessionById : Cast to ObjectId failed for value "user" (type string) at path "_id" for model "Session"
2025-04-20 22:48:14 error: ❌ Erreur getSessionById : Cast to ObjectId failed for value "user" (type string) at path "_id" for model "Session"
2025-04-20 22:49:03 error: ❌ Erreur getSessionById : Cast to ObjectId failed for value "user" (type string) at path "_id" for model "Session"
2025-04-20 22:51:14 error: ❌ Erreur getSessionById : Cast to ObjectId failed for value "user" (type string) at path "_id" for model "Session"
2025-04-20 22:51:53 error: ❌ Erreur getSessionById : Cast to ObjectId failed for value "user" (type string) at path "_id" for model "Session"
2025-04-20 23:06:24 error: ❌ Erreur getSessionById : Cast to ObjectId failed for value "user" (type string) at path "_id" for model "Session"
2025-04-20 23:07:46 error: ❌ Erreur getSessionById : Cast to ObjectId failed for value "user" (type string) at path "_id" for model "Session"
2025-04-20 23:07:49 error: ❌ Erreur getSessionById : Cast to ObjectId failed for value "user" (type string) at path "_id" for model "Session"
2025-04-20 23:08:09 error: ❌ Erreur getSessionById : Cast to ObjectId failed for value "user" (type string) at path "_id" for model "Session"
2025-04-21 17:14:36 error: ❌ Erreur getSessionById : Cast to ObjectId failed for value "user" (type string) at path "_id" for model "Session"
2025-04-21 17:17:39 error: ❌ Erreur getSessionById : Cast to ObjectId failed for value "user" (type string) at path "_id" for model "Session"
2025-04-21 17:17:43 error: ❌ Erreur getSessionById : Cast to ObjectId failed for value "user" (type string) at path "_id" for model "Session"
2025-04-21 17:25:55 error: ❌ Erreur getSessionById : Cast to ObjectId failed for value "user" (type string) at path "_id" for model "Session"
2025-04-21 17:29:08 error: ❌ Erreur getSessionById : Cast to ObjectId failed for value "user" (type string) at path "_id" for model "Session"
2025-04-21 17:30:27 error: Erreur updatePassword: Illegal arguments: string, undefined
2025-04-21 17:45:52 error: ❌ Erreur getSessionById : Cast to ObjectId failed for value "user" (type string) at path "_id" for model "Session"
2025-04-21 17:47:45 error: ❌ Erreur getSessionById : Cast to ObjectId failed for value "user" (type string) at path "_id" for model "Session"
